2026-07-07 10:12:44 [error]: POST-/v1/users code:411 message: ["tipo_persona should not be empty","tipo_persona must be a number conforming to the specified constraints","tipo_identificacion should not be empty","tipo_identificacion must be a number conforming to the specified constraints","razon_social should not be empty","nombre1 should not be empty","nombre2 should not be empty","apellido1 should not be empty","apellido2 should not be empty","genero should not be empty","genero must be a number conforming to the specified constraints","ciudad should not be empty","ciudad must be a number conforming to the specified constraints","id_rol should not be empty","id_rol must be a number conforming to the specified constraints"]
2026-07-07 10:13:21 [error]: POST-/v1/users code:411 message: ["tipo_persona should not be empty","tipo_persona must be a number conforming to the specified constraints","tipo_identificacion should not be empty","tipo_identificacion must be a number conforming to the specified constraints","razon_social should not be empty","nombre1 should not be empty","nombre2 should not be empty","apellido1 should not be empty","apellido2 should not be empty","genero should not be empty","genero must be a number conforming to the specified constraints","ciudad should not be empty","ciudad must be a number conforming to the specified constraints","id_rol should not be empty","id_rol must be a number conforming to the specified constraints"]
2026-07-07 10:14:49 [error]: POST-/v1/users code:411 message: ["tipo_persona should not be empty","tipo_persona must be a number conforming to the specified constraints","tipo_identificacion should not be empty","tipo_identificacion must be a number conforming to the specified constraints","razon_social should not be empty","nombre1 should not be empty","nombre2 should not be empty","apellido1 should not be empty","apellido2 should not be empty","genero should not be empty","genero must be a number conforming to the specified constraints","ciudad should not be empty","ciudad must be a number conforming to the specified constraints","id_rol should not be empty","id_rol must be a number conforming to the specified constraints"]
2026-07-07 10:14:50 [error]: POST-/v1/users code:411 message: ["tipo_persona should not be empty","tipo_persona must be a number conforming to the specified constraints","tipo_identificacion should not be empty","tipo_identificacion must be a number conforming to the specified constraints","razon_social should not be empty","nombre1 should not be empty","nombre2 should not be empty","apellido1 should not be empty","apellido2 should not be empty","genero should not be empty","genero must be a number conforming to the specified constraints","ciudad should not be empty","ciudad must be a number conforming to the specified constraints","id_rol should not be empty","id_rol must be a number conforming to the specified constraints"]
2026-07-07 10:14:51 [error]: POST-/v1/users code:411 message: ["tipo_persona should not be empty","tipo_persona must be a number conforming to the specified constraints","tipo_identificacion should not be empty","tipo_identificacion must be a number conforming to the specified constraints","razon_social should not be empty","nombre1 should not be empty","nombre2 should not be empty","apellido1 should not be empty","apellido2 should not be empty","genero should not be empty","genero must be a number conforming to the specified constraints","ciudad should not be empty","ciudad must be a number conforming to the specified constraints","id_rol should not be empty","id_rol must be a number conforming to the specified constraints"]
2026-07-07 10:14:52 [error]: POST-/v1/users code:411 message: ["tipo_persona should not be empty","tipo_persona must be a number conforming to the specified constraints","tipo_identificacion should not be empty","tipo_identificacion must be a number conforming to the specified constraints","razon_social should not be empty","nombre1 should not be empty","nombre2 should not be empty","apellido1 should not be empty","apellido2 should not be empty","genero should not be empty","genero must be a number conforming to the specified constraints","ciudad should not be empty","ciudad must be a number conforming to the specified constraints","id_rol should not be empty","id_rol must be a number conforming to the specified constraints"]
2026-07-07 10:14:53 [error]: POST-/v1/users code:411 message: ["tipo_persona should not be empty","tipo_persona must be a number conforming to the specified constraints","tipo_identificacion should not be empty","tipo_identificacion must be a number conforming to the specified constraints","razon_social should not be empty","nombre1 should not be empty","nombre2 should not be empty","apellido1 should not be empty","apellido2 should not be empty","genero should not be empty","genero must be a number conforming to the specified constraints","ciudad should not be empty","ciudad must be a number conforming to the specified constraints","id_rol should not be empty","id_rol must be a number conforming to the specified constraints"]
2026-07-07 10:14:54 [error]: POST-/v1/users code:411 message: ["tipo_persona should not be empty","tipo_persona must be a number conforming to the specified constraints","tipo_identificacion should not be empty","tipo_identificacion must be a number conforming to the specified constraints","razon_social should not be empty","nombre1 should not be empty","nombre2 should not be empty","apellido1 should not be empty","apellido2 should not be empty","genero should not be empty","genero must be a number conforming to the specified constraints","ciudad should not be empty","ciudad must be a number conforming to the specified constraints","id_rol should not be empty","id_rol must be a number conforming to the specified constraints"]
2026-07-07 10:15:34 [error]: POST-/v1/users code:411 message: ["tipo_persona should not be empty","tipo_persona must be a number conforming to the specified constraints","tipo_identificacion should not be empty","tipo_identificacion must be a number conforming to the specified constraints","razon_social should not be empty","nombre1 should not be empty","nombre2 should not be empty","apellido1 should not be empty","apellido2 should not be empty","genero should not be empty","genero must be a number conforming to the specified constraints","ciudad should not be empty","ciudad must be a number conforming to the specified constraints","id_rol should not be empty","id_rol must be a number conforming to the specified constraints"]
2026-07-07 10:15:36 [error]: POST-/v1/users code:411 message: ["tipo_persona should not be empty","tipo_persona must be a number conforming to the specified constraints","tipo_identificacion should not be empty","tipo_identificacion must be a number conforming to the specified constraints","razon_social should not be empty","nombre1 should not be empty","nombre2 should not be empty","apellido1 should not be empty","apellido2 should not be empty","genero should not be empty","genero must be a number conforming to the specified constraints","ciudad should not be empty","ciudad must be a number conforming to the specified constraints","id_rol should not be empty","id_rol must be a number conforming to the specified constraints"]
2026-07-07 10:15:37 [error]: POST-/v1/users code:411 message: ["tipo_persona should not be empty","tipo_persona must be a number conforming to the specified constraints","tipo_identificacion should not be empty","tipo_identificacion must be a number conforming to the specified constraints","razon_social should not be empty","nombre1 should not be empty","nombre2 should not be empty","apellido1 should not be empty","apellido2 should not be empty","genero should not be empty","genero must be a number conforming to the specified constraints","ciudad should not be empty","ciudad must be a number conforming to the specified constraints","id_rol should not be empty","id_rol must be a number conforming to the specified constraints"]
2026-07-07 10:15:37 [error]: POST-/v1/users code:411 message: ["tipo_persona should not be empty","tipo_persona must be a number conforming to the specified constraints","tipo_identificacion should not be empty","tipo_identificacion must be a number conforming to the specified constraints","razon_social should not be empty","nombre1 should not be empty","nombre2 should not be empty","apellido1 should not be empty","apellido2 should not be empty","genero should not be empty","genero must be a number conforming to the specified constraints","ciudad should not be empty","ciudad must be a number conforming to the specified constraints","id_rol should not be empty","id_rol must be a number conforming to the specified constraints"]
2026-07-07 10:15:46 [error]: POST-/v1/users code:411 message: ["tipo_persona should not be empty","tipo_persona must be a number conforming to the specified constraints","tipo_identificacion should not be empty","tipo_identificacion must be a number conforming to the specified constraints","razon_social should not be empty","nombre1 should not be empty","nombre2 should not be empty","apellido1 should not be empty","apellido2 should not be empty","genero should not be empty","genero must be a number conforming to the specified constraints","ciudad should not be empty","ciudad must be a number conforming to the specified constraints","id_rol should not be empty","id_rol must be a number conforming to the specified constraints"]
2026-07-07 12:05:12 [error]: POST-/v1/users code:411 message: ["email must be an email"]
2026-07-07 12:15:53 [error]: POST-/v1/users code:411 message: ["id_usuario should not be empty"]
2026-07-07 12:41:48 [error]: POST-/v1/users/create code:411 message: ["id_usuario should not be empty"]
2026-07-07 12:41:50 [error]: POST-/v1/users/create code:411 message: ["id_usuario should not be empty"]
2026-07-07 12:41:51 [error]: POST-/v1/users/create code:411 message: ["id_usuario should not be empty"]
2026-07-07 12:41:52 [error]: POST-/v1/users/create code:411 message: ["id_usuario should not be empty"]
2026-07-07 12:41:53 [error]: POST-/v1/users/create code:411 message: ["id_usuario should not be empty"]
2026-07-07 12:41:54 [error]: POST-/v1/users/create code:411 message: ["id_usuario should not be empty"]
2026-07-07 12:41:54 [error]: POST-/v1/users/create code:411 message: ["id_usuario should not be empty"]
2026-07-07 12:41:55 [error]: POST-/v1/users/create code:411 message: ["id_usuario should not be empty"]
2026-07-07 12:41:57 [error]: POST-/v1/users/create code:411 message: ["id_usuario should not be empty"]
2026-07-07 12:42:00 [error]: POST-/v1/users/create code:411 message: ["id_usuario should not be empty"]
2026-07-07 12:42:08 [error]: POST-/v1/users/create code:411 message: ["id_usuario should not be empty"]
2026-07-07 12:42:08 [error]: POST-/v1/users/create code:411 message: ["id_usuario should not be empty"]
2026-07-07 12:42:10 [error]: POST-/v1/users/create code:411 message: ["id_usuario should not be empty"]
2026-07-07 12:42:11 [error]: POST-/v1/users/create code:411 message: ["id_usuario should not be empty"]
2026-07-07 12:42:12 [error]: POST-/v1/users/create code:411 message: ["id_usuario should not be empty"]
2026-07-07 12:42:13 [error]: POST-/v1/users/create code:411 message: ["id_usuario should not be empty"]
2026-07-07 12:42:14 [error]: POST-/v1/users/create code:411 message: ["id_usuario should not be empty"]
2026-07-07 12:42:15 [error]: POST-/v1/users/create code:411 message: ["id_usuario should not be empty"]
2026-07-07 12:42:15 [error]: POST-/v1/users/create code:411 message: ["id_usuario should not be empty"]
2026-07-07 12:42:28 [error]: POST-/v1/users/create code:411 message: ["pass should not be empty","id_usuario should not be empty"]
2026-07-07 12:42:29 [error]: POST-/v1/users/create code:411 message: ["pass should not be empty","id_usuario should not be empty"]
2026-07-07 12:42:32 [error]: POST-/v1/users/create code:411 message: ["pass should not be empty","id_usuario should not be empty"]
2026-07-07 12:42:33 [error]: POST-/v1/users/create code:411 message: ["pass should not be empty","id_usuario should not be empty"]
2026-07-07 12:42:34 [error]: POST-/v1/users/create code:411 message: ["pass should not be empty","id_usuario should not be empty"]
2026-07-07 12:42:34 [error]: POST-/v1/users/create code:411 message: ["pass should not be empty","id_usuario should not be empty"]
2026-07-07 12:42:35 [error]: POST-/v1/users/create code:411 message: ["pass should not be empty","id_usuario should not be empty"]
2026-07-07 12:42:35 [error]: POST-/v1/users/create code:411 message: ["pass should not be empty","id_usuario should not be empty"]
2026-07-07 12:42:37 [error]: POST-/v1/users/create code:411 message: ["pass should not be empty","id_usuario should not be empty"]
2026-07-07 12:42:37 [error]: POST-/v1/users/create code:411 message: ["pass should not be empty","id_usuario should not be empty"]
2026-07-07 12:42:40 [error]: POST-/v1/users/create code:411 message: ["pass should not be empty","id_usuario should not be empty"]
2026-07-07 12:42:44 [error]: POST-/v1/users/create code:411 message: ["pass should not be empty","id_usuario should not be empty"]
2026-07-07 12:42:46 [error]: POST-/v1/users/create code:411 message: ["pass should not be empty","id_usuario should not be empty"]
2026-07-07 12:42:48 [error]: POST-/v1/users/create code:411 message: ["pass should not be empty","id_usuario should not be empty"]
2026-07-07 12:42:50 [error]: POST-/v1/users/create code:411 message: ["pass should not be empty","id_usuario should not be empty"]
2026-07-07 12:42:53 [error]: POST-/v1/users/create code:411 message: ["pass should not be empty","id_usuario should not be empty"]
2026-07-07 12:42:54 [error]: POST-/v1/users/create code:411 message: ["pass should not be empty","id_usuario should not be empty"]
2026-07-07 12:42:55 [error]: POST-/v1/users/create code:411 message: ["pass should not be empty","id_usuario should not be empty"]
2026-07-07 12:42:56 [error]: POST-/v1/users/create code:411 message: ["pass should not be empty","id_usuario should not be empty"]
2026-07-07 12:42:57 [error]: POST-/v1/users/create code:411 message: ["pass should not be empty","id_usuario should not be empty"]
2026-07-07 12:42:58 [error]: POST-/v1/users/create code:411 message: ["pass should not be empty","id_usuario should not be empty"]
2026-07-07 12:47:25 [error]: POST-/v1/users/create code:411 message: ["id_rol must not be less than 1","pass should not be empty","id_usuario should not be empty"]
2026-07-07 12:47:26 [error]: POST-/v1/users/create code:411 message: ["id_rol must not be less than 1","pass should not be empty","id_usuario should not be empty"]
2026-07-07 12:47:27 [error]: POST-/v1/users/create code:411 message: ["id_rol must not be less than 1","pass should not be empty","id_usuario should not be empty"]
2026-07-07 12:47:28 [error]: POST-/v1/users/create code:411 message: ["id_rol must not be less than 1","pass should not be empty","id_usuario should not be empty"]
2026-07-07 12:48:25 [error]: POST-/v1/users/create code:411 message: ["id_rol must not be less than 1","pass should not be empty","id_usuario should not be empty"]
2026-07-07 12:48:27 [error]: POST-/v1/users/create code:411 message: ["id_rol must not be less than 1","pass should not be empty","id_usuario should not be empty"]
2026-07-07 12:48:29 [error]: POST-/v1/users/create code:411 message: ["id_rol must not be less than 1","pass should not be empty","id_usuario should not be empty"]
2026-07-07 12:48:30 [error]: POST-/v1/users/create code:411 message: ["id_rol must not be less than 1","pass should not be empty","id_usuario should not be empty"]
2026-07-07 12:48:31 [error]: POST-/v1/users/create code:411 message: ["id_rol must not be less than 1","pass should not be empty","id_usuario should not be empty"]
2026-07-07 12:48:32 [error]: POST-/v1/users/create code:411 message: ["id_rol must not be less than 1","pass should not be empty","id_usuario should not be empty"]
2026-07-07 12:48:35 [error]: POST-/v1/users/create code:411 message: ["id_rol must not be less than 1","pass should not be empty","id_usuario should not be empty"]
2026-07-07 12:48:36 [error]: POST-/v1/users/create code:411 message: ["id_rol must not be less than 1","pass should not be empty","id_usuario should not be empty"]
2026-07-07 12:48:37 [error]: POST-/v1/users/create code:411 message: ["id_rol must not be less than 1","pass should not be empty","id_usuario should not be empty"]
2026-07-07 12:48:39 [error]: POST-/v1/users/create code:411 message: ["id_rol must not be less than 1","pass should not be empty","id_usuario should not be empty"]
2026-07-07 12:48:40 [error]: POST-/v1/users/create code:411 message: ["id_rol must not be less than 1","pass should not be empty","id_usuario should not be empty"]
2026-07-07 12:48:42 [error]: POST-/v1/users/create code:411 message: ["id_rol must not be less than 1","pass should not be empty","id_usuario should not be empty"]
2026-07-07 12:48:43 [error]: POST-/v1/users/create code:411 message: ["id_rol must not be less than 1","pass should not be empty","id_usuario should not be empty"]
2026-07-07 12:48:44 [error]: POST-/v1/users/create code:411 message: ["id_rol must not be less than 1","pass should not be empty","id_usuario should not be empty"]
2026-07-07 12:48:54 [error]: POST-/v1/users/create code:411 message: ["id_rol must not be less than 1","pass should not be empty","id_usuario should not be empty"]
2026-07-07 12:48:56 [error]: POST-/v1/users/create code:411 message: ["id_rol must not be less than 1","pass should not be empty","id_usuario should not be empty"]
2026-07-07 12:48:56 [error]: POST-/v1/users/create code:411 message: ["id_rol must not be less than 1","pass should not be empty","id_usuario should not be empty"]
2026-07-07 12:48:58 [error]: POST-/v1/users/create code:411 message: ["id_rol must not be less than 1","pass should not be empty","id_usuario should not be empty"]
2026-07-07 14:27:34 [error]: POST-/v1/users/create code:411 message: ["id_rol must not be less than 1","pass should not be empty","id_usuario should not be empty"]
2026-07-07 17:10:55 [error]: POST-/v1/users/create code:422 message: Token not provided or invalid
2026-07-07 17:15:47 [error]: POST-/v1/users/create code:422 message: Token not provided or invalid
2026-07-07 17:15:51 [error]: POST-/v1/users/create code:422 message: Token not provided or invalid
2026-07-07 17:16:00 [error]: POST-/v1/users/create code:422 message: Token not provided or invalid
2026-07-07 17:16:03 [error]: POST-/v1/users/create code:422 message: Token not provided or invalid
2026-07-07 17:16:04 [error]: POST-/v1/users/create code:422 message: Token not provided or invalid
2026-07-07 17:16:59 [error]: POST-/v1/users/create code:422 message: Token not provided or invalid
2026-07-07 17:17:01 [error]: POST-/v1/users/create code:422 message: Token not provided or invalid
